---
source: c2rust-transpile/tests/snapshots.rs
expression: cat tests/snapshots/os-specific/macros.linux.rs
input_file: c2rust-transpile/tests/snapshots/os-specific/macros.c
---
#![allow(
    dead_code,
    mutable_transmutes,
    non_camel_case_types,
    non_snake_case,
    non_upper_case_globals,
    unused_assignments,
    unused_mut
)]
extern "C" {
    fn __errno_location() -> *mut std::ffi::c_int;
}
#[no_mangle]
pub unsafe extern "C" fn errno_is_error() -> bool {
    return *__errno_location() != 0 as std::ffi::c_int;
}
