---
source: c2rust-transpile/tests/snapshots.rs
expression: cat tests/snapshots/pause.rs
input_file: c2rust-transpile/tests/snapshots/pause.c
---
#![allow(
    dead_code,
    mutable_transmutes,
    non_camel_case_types,
    non_snake_case,
    non_upper_case_globals,
    unused_assignments,
    unused_mut
)]
#![feature(stdsimd)]
#[cfg(target_arch = "x86")]
pub use core::arch::x86::_mm_pause;
#[cfg(target_arch = "x86_64")]
pub use core::arch::x86_64::_mm_pause;
#[no_mangle]
pub unsafe extern "C" fn pause() {
    _mm_pause();
}
